[demo.mekshq.com/gridlove/index.html]
[demo.mekshq.com/gridlove/xmlrpc.php]
[backblue.gif]
[fade.gif]
[index.html]
[demo.mekshq.com/gridlove/indexd784.html]
[demo.mekshq.com/gridlove/indexb985.html]
[demo.mekshq.com/gridlove/indexa6da.html]
[demo.mekshq.com/gridlove/xmlrpc0db0.php]
[demo.mekshq.com/gridlove/index52f0.json]
[demo.mekshq.com/gridlove/index7489.json]
[demo.mekshq.com/gridlove/index.html]
[demo.mekshq.com/gridlove/indexaada.php]
[demo.mekshq.com/gridlove/xmlrpc.php]
[demo.mekshq.com/gridlove/indexf477.html]
[demo.mekshq.com/gridlove/indexb392.html]
[demo.mekshq.com/gridlove/index3e47.html]
[demo.mekshq.com/gridlove/index2de4.html]
[demo.mekshq.com/gridlove/index809c.html]
[demo.mekshq.com/gridlove/index5bd3.html]
[demo.mekshq.com/gridlove/indexf45b.html]
[demo.mekshq.com/gridlove/index021b.html]
[demo.mekshq.com/gridlove/indexb1f6.json]
[demo.mekshq.com/gridlove/index5a47.html]
[demo.mekshq.com/gridlove/index1b8f.html]
[demo.mekshq.com/gridlove/index8529.html]
[demo.mekshq.com/gridlove/index2d3b.php]
[demo.mekshq.com/gridlove/index3e47.html]
[demo.mekshq.com/gridlove/index2323.html]
[demo.mekshq.com/gridlove/index5572.html]
[demo.mekshq.com/gridlove/indexdd1d.json]
[demo.mekshq.com/gridlove/index7df0.html]
[demo.mekshq.com/gridlove/indexc47a.html]
[demo.mekshq.com/gridlove/index112a.html]
[demo.mekshq.com/gridlove/indexca8d.php]
[demo.mekshq.com/gridlove/index2de4.html]
[demo.mekshq.com/gridlove/indexc190.html]
[demo.mekshq.com/gridlove/index0b5c.html]
[demo.mekshq.com/gridlove/index724e.html]
[demo.mekshq.com/gridlove/indexe2d5.html]
[demo.mekshq.com/gridlove/index9588.html]
[demo.mekshq.com/gridlove/index7ffe.html]
[demo.mekshq.com/gridlove/indexa448.html]
[demo.mekshq.com/gridlove/indexa90d.html]
[demo.mekshq.com/gridlove/indexe129.html]
[demo.mekshq.com/gridlove/index9751.html]
[demo.mekshq.com/gridlove/indexb8c4.html]
[demo.mekshq.com/gridlove/index1c00.html]
[demo.mekshq.com/gridlove/indexf36c.json]
[demo.mekshq.com/gridlove/index47f2.html]
[demo.mekshq.com/gridlove/indexa09e.html]
[demo.mekshq.com/gridlove/index5070.html]
[demo.mekshq.com/gridlove/index8dfd.php]
[demo.mekshq.com/gridlove/indexb392.html]
[demo.mekshq.com/gridlove/indexba86.html]
[demo.mekshq.com/gridlove/index9469.html]
[demo.mekshq.com/gridlove/index5ee4.html]
[demo.mekshq.com/gridlove/index8a7d.html]
[demo.mekshq.com/gridlove/index8ecd.json]
[demo.mekshq.com/gridlove/indexf488.html]
[demo.mekshq.com/gridlove/indexa853.html]
[demo.mekshq.com/gridlove/indexc968.php]
[demo.mekshq.com/gridlove/indexf477.html]
[demo.mekshq.com/gridlove/index2915.html]
[demo.mekshq.com/gridlove/indexef92.html]
[demo.mekshq.com/gridlove/index5099.html]
[demo.mekshq.com/gridlove/index4720.html]
[demo.mekshq.com/gridlove/index3901.json]
[demo.mekshq.com/gridlove/index6b42.html]
[demo.mekshq.com/gridlove/index89ec.php]
[demo.mekshq.com/gridlove/index5bd3.html]
[demo.mekshq.com/gridlove/indexe4ca.html]
[demo.mekshq.com/gridlove/index14f6.html]
[demo.mekshq.com/gridlove/indexf865.html]
[demo.mekshq.com/gridlove/index3f7b.html]
[demo.mekshq.com/gridlove/index0fb5.json]
[demo.mekshq.com/gridlove/index6b1f.html]
[demo.mekshq.com/gridlove/index5a84.html]
[demo.mekshq.com/gridlove/index7690.html]
[demo.mekshq.com/gridlove/indexfd2b.html]
[demo.mekshq.com/gridlove/indexd510.php]
[demo.mekshq.com/gridlove/index809c.html]
[demo.mekshq.com/gridlove/indexeb24.html]
[demo.mekshq.com/gridlove/index9789.html]
[demo.mekshq.com/gridlove/index3ccd.html]
[demo.mekshq.com/gridlove/index1bb6.json]
[demo.mekshq.com/gridlove/index1da8.html]
[demo.mekshq.com/gridlove/index4e0f.html]
[demo.mekshq.com/gridlove/index79ac.html]
[demo.mekshq.com/gridlove/index1ec2.html]
[demo.mekshq.com/gridlove/indexf0d9.html]
[demo.mekshq.com/gridlove/index6bdc.html]
[demo.mekshq.com/gridlove/index759d.html]
[demo.mekshq.com/gridlove/index7197.html]
[demo.mekshq.com/gridlove/index7e89.html]
[demo.mekshq.com/gridlove/index9ff3.php]
[demo.mekshq.com/gridlove/index021b.html]
[demo.mekshq.com/gridlove/index0b04.html]
[demo.mekshq.com/gridlove/index4179.html]
[demo.mekshq.com/gridlove/index4f0b.html]
[demo.mekshq.com/gridlove/index7a4e.html]
[demo.mekshq.com/gridlove/index04bd.html]
[demo.mekshq.com/gridlove/index7f14.json]
[demo.mekshq.com/gridlove/index110e.html]
[demo.mekshq.com/gridlove/indexee6e.html]
[demo.mekshq.com/gridlove/index83b7.php]
[demo.mekshq.com/gridlove/indexf45b.html]
[demo.mekshq.com/gridlove/index976d.html]
[demo.mekshq.com/gridlove/indexdba7.html]
[demo.mekshq.com/gridlove/indexd1ce.html]
[demo.mekshq.com/gridlove/indexaa1e.html]
[demo.mekshq.com/gridlove/indexe94e.html]
[demo.mekshq.com/gridlove/index3d68.html]
[demo.mekshq.com/gridlove/index571a.html]
[demo.mekshq.com/gridlove/index6982.json]
[demo.mekshq.com/gridlove/indexfddb.html]
[demo.mekshq.com/gridlove/indexe548.html]
[demo.mekshq.com/gridlove/indexf9a9.php]
[demo.mekshq.com/gridlove/index8529.html]
[demo.mekshq.com/gridlove/index623d.html]
[demo.mekshq.com/gridlove/index81ea.html]
[demo.mekshq.com/gridlove/index96fc.html]
[demo.mekshq.com/gridlove/index5a6a.html]
[demo.mekshq.com/gridlove/indexd7d8.html]
[demo.mekshq.com/gridlove/indexd4ec.json]
[demo.mekshq.com/gridlove/index43b2.html]
[demo.mekshq.com/gridlove/index3207.php]
[demo.mekshq.com/gridlove/index1b8f.html]
[demo.mekshq.com/gridlove/index0325.html]
[demo.mekshq.com/gridlove/index7b17.html]
[demo.mekshq.com/gridlove/index2ac0.html]
[demo.mekshq.com/gridlove/index191a.json]
[demo.mekshq.com/gridlove/index5721.html]
[demo.mekshq.com/gridlove/indexe8f5.html]
[demo.mekshq.com/gridlove/index297c.php]
[demo.mekshq.com/gridlove/index5a47.html]
[demo.mekshq.com/gridlove/indexa828.html]
[demo.mekshq.com/gridlove/indexc885.html]
[demo.mekshq.com/gridlove/indexff23.html]
[demo.mekshq.com/gridlove/indexada0.html]
[demo.mekshq.com/gridlove/index9708.json]
[demo.mekshq.com/gridlove/index3350.html]
[demo.mekshq.com/gridlove/index7760.html]
[demo.mekshq.com/gridlove/index4034.html]
[demo.mekshq.com/gridlove/indexb950.html]
[demo.mekshq.com/gridlove/index10b1.php]
[demo.mekshq.com/gridlove/index5572.html]
[demo.mekshq.com/gridlove/indexe539.html]
[demo.mekshq.com/gridlove/index5791.html]
[demo.mekshq.com/gridlove/index56d6.html]
[demo.mekshq.com/gridlove/indexa36b.html]
[demo.mekshq.com/gridlove/index81f5.json]
[demo.mekshq.com/gridlove/index421d.html]
[demo.mekshq.com/gridlove/indexe564.php]
[demo.mekshq.com/gridlove/index2323.html]
[demo.mekshq.com/gridlove/indexb0b7.html]
[demo.mekshq.com/gridlove/index248a.html]
[demo.mekshq.com/gridlove/index6146.html]
[demo.mekshq.com/gridlove/index65c7.json]
[demo.mekshq.com/gridlove/index2586.html]
[demo.mekshq.com/gridlove/indexbbbf.html]
[demo.mekshq.com/gridlove/index8b3d.php]
[demo.mekshq.com/gridlove/index7df0.html]
[demo.mekshq.com/gridlove/index1a26.html]
[demo.mekshq.com/gridlove/index55d4.html]
[demo.mekshq.com/gridlove/index07fa.html]
[demo.mekshq.com/gridlove/index6123.json]
[demo.mekshq.com/gridlove/index094d.html]
[demo.mekshq.com/gridlove/indexee5b.html]
[demo.mekshq.com/gridlove/index85b3.html]
[demo.mekshq.com/gridlove/index7d0c.php]
[demo.mekshq.com/gridlove/index112a.html]
[demo.mekshq.com/gridlove/index767c.html]
[demo.mekshq.com/gridlove/index8a01.html]
[demo.mekshq.com/gridlove/index17f5.html]
[demo.mekshq.com/gridlove/index86a7.html]
[demo.mekshq.com/gridlove/index97f9.json]
[demo.mekshq.com/gridlove/indexa826.html]
[demo.mekshq.com/gridlove/index4068.php]
[demo.mekshq.com/gridlove/indexc47a.html]
[demo.mekshq.com/gridlove/indexad9b.json]
[demo.mekshq.com/gridlove/index22f8.php]
[demo.mekshq.com/gridlove/index8834.html]
[demo.mekshq.com/gridlove/index0eed.html]
[demo.mekshq.com/gridlove/index3049.html]
[demo.mekshq.com/gridlove/wp-admin/admin-ajax.php]
[demo.mekshq.com/gridlove/index0b5c.html]
[demo.mekshq.com/gridlove/indexc37d.html]
[demo.mekshq.com/gridlove/index2ed7.html]
[demo.mekshq.com/gridlove/index6d91.html]
[demo.mekshq.com/gridlove/index74e2.html]
[demo.mekshq.com/gridlove/index33a9.html]
[demo.mekshq.com/gridlove/indexbdb1.json]
[demo.mekshq.com/gridlove/indexb124.html]
[demo.mekshq.com/gridlove/index5266.html]
[demo.mekshq.com/gridlove/index27bd.html]
[demo.mekshq.com/gridlove/index7e9d.php]
[demo.mekshq.com/gridlove/indexe2d5.html]
[demo.mekshq.com/gridlove/index0353.html]
[demo.mekshq.com/gridlove/index3bee.html]
[demo.mekshq.com/gridlove/index2800.html]
[demo.mekshq.com/gridlove/indexfe2d.html]
[demo.mekshq.com/gridlove/index9ce7.html]
[demo.mekshq.com/gridlove/indexd622.json]
[demo.mekshq.com/gridlove/indexd900.html]
[demo.mekshq.com/gridlove/indexc7e9.html]
[demo.mekshq.com/gridlove/index2416.html]
[demo.mekshq.com/gridlove/index0a2b.html]
[demo.mekshq.com/gridlove/indexeb18.html]
[demo.mekshq.com/gridlove/index0517.php]
[demo.mekshq.com/gridlove/indexc190.html]
[demo.mekshq.com/gridlove/indexd211.html]
[demo.mekshq.com/gridlove/index238f.json]
[demo.mekshq.com/gridlove/indexe664.html]
[demo.mekshq.com/gridlove/index724e.html]
[demo.mekshq.com/gridlove/index2244.php]
[demo.mekshq.com/gridlove/index4695.json]
[demo.mekshq.com/gridlove/index57e1.html]
[demo.mekshq.com/gridlove/indexb788.html]
[demo.mekshq.com/gridlove/index9588.html]
[demo.mekshq.com/gridlove/index1873.php]
[demo.mekshq.com/gridlove/index11c5.json]
[demo.mekshq.com/gridlove/index9dff.html]
[demo.mekshq.com/gridlove/indexd52a.php]
[demo.mekshq.com/gridlove/indexa448.html]
[demo.mekshq.com/gridlove/index303f.json]
[demo.mekshq.com/gridlove/index8f4a.html]
[demo.mekshq.com/gridlove/index7ffe.html]
[demo.mekshq.com/gridlove/index78f6.php]
[demo.mekshq.com/gridlove/index2b84.html]
[demo.mekshq.com/gridlove/index4227.html]
[demo.mekshq.com/gridlove/index2e80.html]
[demo.mekshq.com/gridlove/indexe129.html]
[demo.mekshq.com/gridlove/indexa514.php]
[demo.mekshq.com/gridlove/index8d3a.json]
[demo.mekshq.com/gridlove/index277a.html]
[demo.mekshq.com/gridlove/indexa979.json]
[demo.mekshq.com/gridlove/indexa90d.html]
[demo.mekshq.com/gridlove/index7dab.php]
[demo.mekshq.com/gridlove/indexd31a.json]
[demo.mekshq.com/gridlove/index1441.html]
[demo.mekshq.com/gridlove/index9751.html]
[demo.mekshq.com/gridlove/index6059.php]
[demo.mekshq.com/gridlove/index27bb.json]
[demo.mekshq.com/gridlove/indexcd88.html]
[demo.mekshq.com/gridlove/index87d4.php]
[demo.mekshq.com/gridlove/index5070.html]
[demo.mekshq.com/gridlove/index3468.html]
[demo.mekshq.com/gridlove/index7250.html]
[demo.mekshq.com/gridlove/indexdb84.html]
[demo.mekshq.com/gridlove/index3176.html]
[demo.mekshq.com/gridlove/index8a60.json]
[demo.mekshq.com/gridlove/indexc2e5.html]
[demo.mekshq.com/gridlove/indexb8c4.html]
[demo.mekshq.com/gridlove/indexfa7c.php]
[demo.mekshq.com/gridlove/index8b6d.json]
[demo.mekshq.com/gridlove/indexb4d0.html]
[demo.mekshq.com/gridlove/index1c00.html]
[demo.mekshq.com/gridlove/index4da8.php]
[demo.mekshq.com/gridlove/index2ea8.json]
[demo.mekshq.com/gridlove/indexc5d2.html]
[demo.mekshq.com/gridlove/index1386.html]
[demo.mekshq.com/gridlove/index47f2.html]
[demo.mekshq.com/gridlove/indexe640.php]
[demo.mekshq.com/gridlove/indexaae9.html]
[demo.mekshq.com/gridlove/indexcd74.html]
[demo.mekshq.com/gridlove/index5798.json]
[demo.mekshq.com/gridlove/indexaad0.html]
[demo.mekshq.com/gridlove/indexf488.html]
[demo.mekshq.com/gridlove/indexea8b.php]
[demo.mekshq.com/gridlove/index11d4.json]
[demo.mekshq.com/gridlove/index8615.html]
[demo.mekshq.com/gridlove/indexa09e.html]
[demo.mekshq.com/gridlove/indexbba4.php]
[demo.mekshq.com/gridlove/index3f8a.json]
[demo.mekshq.com/gridlove/indexe3d0.html]
[demo.mekshq.com/gridlove/index1024.html]
[demo.mekshq.com/gridlove/index7479.php]
[demo.mekshq.com/gridlove/index9469.html]
[demo.mekshq.com/gridlove/index28bd.html]
[demo.mekshq.com/gridlove/index83bd.html]
[demo.mekshq.com/gridlove/indexbac8.html]
[demo.mekshq.com/gridlove/index397a.json]
[demo.mekshq.com/gridlove/index9065.html]
[demo.mekshq.com/gridlove/index5ee4.html]
[demo.mekshq.com/gridlove/index9154.php]
[demo.mekshq.com/gridlove/indexb8e6.json]
[demo.mekshq.com/gridlove/index7aa0.html]
[demo.mekshq.com/gridlove/index264c.html]
[demo.mekshq.com/gridlove/indexba86.html]
[demo.mekshq.com/gridlove/index5445.php]
[demo.mekshq.com/gridlove/indexc439.json]
[demo.mekshq.com/gridlove/indexd9bb.html]
[demo.mekshq.com/gridlove/index8a7d.html]
[demo.mekshq.com/gridlove/index5f03.php]
[demo.mekshq.com/gridlove/index0361.json]
[demo.mekshq.com/gridlove/indexa6a1.html]
[demo.mekshq.com/gridlove/index6a6b.php]
[demo.mekshq.com/gridlove/indexa853.html]
[demo.mekshq.com/gridlove/indexe4d0.json]
[demo.mekshq.com/gridlove/indexe402.html]
[demo.mekshq.com/gridlove/index2915.html]
[demo.mekshq.com/gridlove/indexcb2d.php]
[demo.mekshq.com/gridlove/index5df4.json]
[demo.mekshq.com/gridlove/index0c5e.html]
[demo.mekshq.com/gridlove/index4720.html]
[demo.mekshq.com/gridlove/index5151.php]
[demo.mekshq.com/gridlove/index6894.json]
[demo.mekshq.com/gridlove/index7a0c.html]
[demo.mekshq.com/gridlove/indexef92.html]
[demo.mekshq.com/gridlove/indexac47.php]
[demo.mekshq.com/gridlove/index5d7e.html]
[demo.mekshq.com/gridlove/indexb6af.json]
[demo.mekshq.com/gridlove/indexc56c.html]
[demo.mekshq.com/gridlove/index0014.php]
[demo.mekshq.com/gridlove/index5099.html]
[demo.mekshq.com/gridlove/index3f7b.html]
[demo.mekshq.com/gridlove/indexb63a.html]
[demo.mekshq.com/gridlove/indexe4ca.html]
[demo.mekshq.com/gridlove/index0444.html]
[demo.mekshq.com/gridlove/index6b42.html]
[demo.mekshq.com/gridlove/index2eae.html]
[demo.mekshq.com/gridlove/index14f6.html]
[demo.mekshq.com/gridlove/index9a3d.html]
[demo.mekshq.com/gridlove/index2465.html]
[demo.mekshq.com/gridlove/index419f.html]
[demo.mekshq.com/gridlove/indexb7d8.html]
[demo.mekshq.com/gridlove/indexdc4d.html]
[demo.mekshq.com/gridlove/indexed9e.html]
[demo.mekshq.com/gridlove/indexe884.json]
[demo.mekshq.com/gridlove/index8af0.html]
[demo.mekshq.com/gridlove/indexaa69.html]
[demo.mekshq.com/gridlove/indexf865.html]
[demo.mekshq.com/gridlove/indexfc4f.php]
[demo.mekshq.com/gridlove/indexc74e.json]
[demo.mekshq.com/gridlove/index6b1f.html]
[demo.mekshq.com/gridlove/indexf6ee.php]
[demo.mekshq.com/gridlove/index24f5.json]
[demo.mekshq.com/gridlove/indexa073.php]
[demo.mekshq.com/gridlove/indexfd2b.html]
[demo.mekshq.com/gridlove/indexbfc0.json]
[demo.mekshq.com/gridlove/index7195.php]
[demo.mekshq.com/gridlove/index5a84.html]
[demo.mekshq.com/gridlove/indexb709.json]
[demo.mekshq.com/gridlove/index417a.php]
[demo.mekshq.com/gridlove/index7690.html]
[demo.mekshq.com/gridlove/index33f7.json]
[demo.mekshq.com/gridlove/indexeb24.html]
[demo.mekshq.com/gridlove/indexacd6.php]
[demo.mekshq.com/gridlove/index91ee.json]
[demo.mekshq.com/gridlove/index1da8.html]
[demo.mekshq.com/gridlove/indexdee2.php]
[demo.mekshq.com/gridlove/index0254.json]
[demo.mekshq.com/gridlove/index9789.html]
[demo.mekshq.com/gridlove/index9843.php]
[demo.mekshq.com/gridlove/indexea07.json]
[demo.mekshq.com/gridlove/index7197.html]
[demo.mekshq.com/gridlove/index172f.php]
[demo.mekshq.com/gridlove/index66bd.json]
[demo.mekshq.com/gridlove/index3ccd.html]
[demo.mekshq.com/gridlove/index833b.php]
[demo.mekshq.com/gridlove/index5ea8.json]
[demo.mekshq.com/gridlove/index4e0f.html]
[demo.mekshq.com/gridlove/indexfa6f.php]
[demo.mekshq.com/gridlove/indexcb54.json]
[demo.mekshq.com/gridlove/index79ac.html]
[demo.mekshq.com/gridlove/index1e25.php]
[demo.mekshq.com/gridlove/indexb1ca.json]
[demo.mekshq.com/gridlove/index1ec2.html]
[demo.mekshq.com/gridlove/index25ee.php]
[demo.mekshq.com/gridlove/index507d.json]
[demo.mekshq.com/gridlove/index6a23.php]
[demo.mekshq.com/gridlove/indexf0d9.html]
[demo.mekshq.com/gridlove/index6bdc.html]
[demo.mekshq.com/gridlove/index759d.html]
[demo.mekshq.com/gridlove/index7e89.html]
[demo.mekshq.com/gridlove/index0b04.html]
[demo.mekshq.com/gridlove/index4179.html]
[demo.mekshq.com/gridlove/index4f0b.html]
[demo.mekshq.com/gridlove/index7a4e.html]
[demo.mekshq.com/gridlove/index04bd.html]
[demo.mekshq.com/gridlove/indexc648.html]
[demo.mekshq.com/gridlove/indexc39e.html]
[demo.mekshq.com/gridlove/index4821.html]
[demo.mekshq.com/gridlove/index6e35.json]
[demo.mekshq.com/gridlove/indexee6e.html]
[demo.mekshq.com/gridlove/indexbc3f.php]
[demo.mekshq.com/gridlove/index5abc.html]
[demo.mekshq.com/gridlove/indexb507.html]
[demo.mekshq.com/gridlove/indexe806.json]
[demo.mekshq.com/gridlove/index7179.html]
[demo.mekshq.com/gridlove/indexdba7.html]
[demo.mekshq.com/gridlove/index878b.php]
[demo.mekshq.com/gridlove/index6209.json]
[demo.mekshq.com/gridlove/indexaabd.html]
[demo.mekshq.com/gridlove/index6daf.php]
[demo.mekshq.com/gridlove/index110e.html]
[demo.mekshq.com/gridlove/indexad26.html]
[demo.mekshq.com/gridlove/index934e.json]
[demo.mekshq.com/gridlove/index976d.html]
[demo.mekshq.com/gridlove/index4703.php]
[demo.mekshq.com/gridlove/index2d3d.html]
[demo.mekshq.com/gridlove/indexa258.json]
[demo.mekshq.com/gridlove/indexd1ce.html]
[demo.mekshq.com/gridlove/index098b.php]
[demo.mekshq.com/gridlove/index1a6d.json]
[demo.mekshq.com/gridlove/indexe94e.html]
[demo.mekshq.com/gridlove/indexaa1e.html]
[demo.mekshq.com/gridlove/index1e41.php]
[demo.mekshq.com/gridlove/indexbbc0.html]
[demo.mekshq.com/gridlove/indexbbbf.json]
[demo.mekshq.com/gridlove/indexed0f.html]
[demo.mekshq.com/gridlove/index6bbf.html]
[demo.mekshq.com/gridlove/index571a.html]
[demo.mekshq.com/gridlove/index87a7.php]
[demo.mekshq.com/gridlove/indexb719.json]
[demo.mekshq.com/gridlove/index3d68.html]
[demo.mekshq.com/gridlove/indexab90.php]
[demo.mekshq.com/gridlove/index4e4d.json]
[demo.mekshq.com/gridlove/indexfddb.html]
[demo.mekshq.com/gridlove/indexe548.html]
[demo.mekshq.com/gridlove/index623d.html]
[demo.mekshq.com/gridlove/indexf982.php]
[demo.mekshq.com/gridlove/indexe272.html]
[demo.mekshq.com/gridlove/indexf4c6.html]
[demo.mekshq.com/gridlove/indexacaf.html]
[demo.mekshq.com/gridlove/index9ca0.json]
[demo.mekshq.com/gridlove/index1557.html]
[demo.mekshq.com/gridlove/indexa6d7.php]
[demo.mekshq.com/gridlove/index96fc.html]
[demo.mekshq.com/gridlove/index6fc7.html]
[demo.mekshq.com/gridlove/index5412.html]
[demo.mekshq.com/gridlove/index3a5b.html]
[demo.mekshq.com/gridlove/indexae88.html]
[demo.mekshq.com/gridlove/indexd166.html]
[demo.mekshq.com/gridlove/index1c4d.json]
[demo.mekshq.com/gridlove/index9fc7.html]
[demo.mekshq.com/gridlove/indexd346.html]
[demo.mekshq.com/gridlove/index0794.html]
[demo.mekshq.com/gridlove/indexbb18.php]
[demo.mekshq.com/gridlove/index5a6a.html]
[demo.mekshq.com/gridlove/index3b5c.html]
[demo.mekshq.com/gridlove/indexd312.html]
[demo.mekshq.com/gridlove/index7fa6.html]
[demo.mekshq.com/gridlove/index81ea.html]
[demo.mekshq.com/gridlove/indexa275.html]
[demo.mekshq.com/gridlove/indexf1ce.html]
[demo.mekshq.com/gridlove/index14ba.json]
[demo.mekshq.com/gridlove/index2e6a.html]
[demo.mekshq.com/gridlove/indexac05.html]
[demo.mekshq.com/gridlove/index7f02.html]
[demo.mekshq.com/gridlove/index5ea6.php]
[demo.mekshq.com/gridlove/indexd7d8.html]
[demo.mekshq.com/gridlove/index6406.html]
[demo.mekshq.com/gridlove/index256e.html]
[demo.mekshq.com/gridlove/indexc85f.html]
[demo.mekshq.com/gridlove/index6c91.html]
[demo.mekshq.com/gridlove/index241a.html]
[demo.mekshq.com/gridlove/index4d62.json]
[demo.mekshq.com/gridlove/indexb203.html]
[demo.mekshq.com/gridlove/indexf0b0.html]
[demo.mekshq.com/gridlove/index7ca6.html]
[demo.mekshq.com/gridlove/index6b9e.html]
[demo.mekshq.com/gridlove/index6255.php]
[demo.mekshq.com/gridlove/index43b2.html]
[demo.mekshq.com/gridlove/index4688.html]
[demo.mekshq.com/gridlove/indexb249.html]
[demo.mekshq.com/gridlove/indexfded.html]
[demo.mekshq.com/gridlove/index5155.html]
[demo.mekshq.com/gridlove/index3d05.json]
[demo.mekshq.com/gridlove/index9020.html]
[demo.mekshq.com/gridlove/index4847.html]
[demo.mekshq.com/gridlove/index5590.html]
[demo.mekshq.com/gridlove/indexaea8.php]
[demo.mekshq.com/gridlove/index0325.html]
[demo.mekshq.com/gridlove/indexe6d0.html]
[demo.mekshq.com/gridlove/indexb0b7.html]
[demo.mekshq.com/gridlove/indexb4c3.html]
[demo.mekshq.com/gridlove/index07d3.html]
[demo.mekshq.com/gridlove/index4ca6.html]
[demo.mekshq.com/gridlove/index38b3.html]
[demo.mekshq.com/gridlove/index8565.json]
[demo.mekshq.com/gridlove/indexb745.html]
[demo.mekshq.com/gridlove/indexd72b.html]
[demo.mekshq.com/gridlove/index7b17.html]
[demo.mekshq.com/gridlove/index2ac0.html]
[demo.mekshq.com/gridlove/index4fad.php]
[demo.mekshq.com/gridlove/index582f.json]
[demo.mekshq.com/gridlove/index2adb.html]
[demo.mekshq.com/gridlove/indexc8a4.html]
[demo.mekshq.com/gridlove/indexe8f5.html]
[demo.mekshq.com/gridlove/index26cc.php]
[demo.mekshq.com/gridlove/index28bc.html]
[demo.mekshq.com/gridlove/indexce63.json]
[demo.mekshq.com/gridlove/index7da4.html]
[demo.mekshq.com/gridlove/indexa7f7.html]
[demo.mekshq.com/gridlove/index5721.html]
[demo.mekshq.com/gridlove/index2ef1.php]
[demo.mekshq.com/gridlove/index05aa.json]
[demo.mekshq.com/gridlove/indexc989.html]
[demo.mekshq.com/gridlove/index17b7.php]
[demo.mekshq.com/gridlove/indexc885.html]
[demo.mekshq.com/gridlove/index1c78.json]
[demo.mekshq.com/gridlove/index6dd0.php]
[demo.mekshq.com/gridlove/indexff23.html]
[demo.mekshq.com/gridlove/index1c56.html]
[demo.mekshq.com/gridlove/indexe795.json]
[demo.mekshq.com/gridlove/index86b1.html]
[demo.mekshq.com/gridlove/index1f3e.php]
[demo.mekshq.com/gridlove/indexa828.html]
[demo.mekshq.com/gridlove/index8bf7.html]
[demo.mekshq.com/gridlove/index2123.json]
[demo.mekshq.com/gridlove/index3e90.html]
[demo.mekshq.com/gridlove/indexada0.html]
[demo.mekshq.com/gridlove/index37a1.php]
[demo.mekshq.com/gridlove/index1051.json]
[demo.mekshq.com/gridlove/index22d6.html]
[demo.mekshq.com/gridlove/index3350.html]
[demo.mekshq.com/gridlove/index5f7f.php]
[demo.mekshq.com/gridlove/index994b.json]
[demo.mekshq.com/gridlove/indexdd1c.html]
[demo.mekshq.com/gridlove/index7760.html]
[demo.mekshq.com/gridlove/index7149.php]
[demo.mekshq.com/gridlove/index52ad.json]
[demo.mekshq.com/gridlove/indexb2e1.html]
[demo.mekshq.com/gridlove/index4807.php]
[demo.mekshq.com/gridlove/index4034.html]
[demo.mekshq.com/gridlove/indexb950.html]
[demo.mekshq.com/gridlove/index1a7f.json]
[demo.mekshq.com/gridlove/index2e09.html]
[demo.mekshq.com/gridlove/index397b.html]
[demo.mekshq.com/gridlove/index5791.html]
[demo.mekshq.com/gridlove/index5a8e.php]
[demo.mekshq.com/gridlove/index64cc.html]
[demo.mekshq.com/gridlove/indexade0.html]
[demo.mekshq.com/gridlove/indexddf7.json]
[demo.mekshq.com/gridlove/index21f0.html]
[demo.mekshq.com/gridlove/index3ffb.html]
[demo.mekshq.com/gridlove/index56d6.html]
[demo.mekshq.com/gridlove/indexb9c8.php]
[demo.mekshq.com/gridlove/index86bc.html]
[demo.mekshq.com/gridlove/indexeb58.html]
[demo.mekshq.com/gridlove/indexd637.json]
[demo.mekshq.com/gridlove/indexfa38.html]
[demo.mekshq.com/gridlove/indexe539.html]
[demo.mekshq.com/gridlove/index5c7c.php]
[demo.mekshq.com/gridlove/index92c1.json]
[demo.mekshq.com/gridlove/index49e6.html]
[demo.mekshq.com/gridlove/indexa36b.html]
[demo.mekshq.com/gridlove/indexe91a.php]
[demo.mekshq.com/gridlove/index1122.html]
[demo.mekshq.com/gridlove/index4bb3.html]
[demo.mekshq.com/gridlove/index6454.json]
[demo.mekshq.com/gridlove/index8901.html]
[demo.mekshq.com/gridlove/index2a45.php]
[demo.mekshq.com/gridlove/index421d.html]
[demo.mekshq.com/gridlove/index7f9d.json]
[demo.mekshq.com/gridlove/index4435.html]
[demo.mekshq.com/gridlove/indexee5b.html]
[demo.mekshq.com/gridlove/indexa6c9.php]
[demo.mekshq.com/gridlove/indexbb88.json]
[demo.mekshq.com/gridlove/indexbc80.html]
[demo.mekshq.com/gridlove/indexc2c2.php]
[demo.mekshq.com/gridlove/index248a.html]
[demo.mekshq.com/gridlove/index6146.html]
[demo.mekshq.com/gridlove/index3cd1.json]
[demo.mekshq.com/gridlove/index4658.html]
[demo.mekshq.com/gridlove/index8a68.html]
[demo.mekshq.com/gridlove/index2561.html]
[demo.mekshq.com/gridlove/indexbbbf.html]
[demo.mekshq.com/gridlove/index0346.php]
[demo.mekshq.com/gridlove/indexa1c4.html]
[demo.mekshq.com/gridlove/index2325.html]
[demo.mekshq.com/gridlove/index41df.json]
[demo.mekshq.com/gridlove/index2586.html]
[demo.mekshq.com/gridlove/indexdf60.php]
[demo.mekshq.com/gridlove/index85bf.json]
[demo.mekshq.com/gridlove/indexe6d3.html]
[demo.mekshq.com/gridlove/indexb1ba.php]
[demo.mekshq.com/gridlove/index1a26.html]
[demo.mekshq.com/gridlove/index1b67.json]
[demo.mekshq.com/gridlove/index55d4.html]
[demo.mekshq.com/gridlove/index1c54.html]
[demo.mekshq.com/gridlove/index07fa.html]
[demo.mekshq.com/gridlove/indexb1e6.html]
[demo.mekshq.com/gridlove/index0c11.php]
[demo.mekshq.com/gridlove/indexcf9e.html]
[demo.mekshq.com/gridlove/indexcefd.json]
[demo.mekshq.com/gridlove/index3a22.html]
[demo.mekshq.com/gridlove/indexb6a8.html]
[demo.mekshq.com/gridlove/index094d.html]
[demo.mekshq.com/gridlove/index85b3.html]
[demo.mekshq.com/gridlove/index767c.html]
[demo.mekshq.com/gridlove/indexac9a.php]
[demo.mekshq.com/gridlove/index17f5.html]
[demo.mekshq.com/gridlove/index8a01.html]
[demo.mekshq.com/gridlove/index1fe5.html]
[demo.mekshq.com/gridlove/index86a7.html]
[demo.mekshq.com/gridlove/index4e4f.html]
[demo.mekshq.com/gridlove/indexbb9e.html]
[demo.mekshq.com/gridlove/indexa826.html]
[demo.mekshq.com/gridlove/index28b5.html]
[demo.mekshq.com/gridlove/index2752.html]
[demo.mekshq.com/gridlove/index6752.html]
[demo.mekshq.com/gridlove/index83b7.html]
[demo.mekshq.com/gridlove/indexe15a.html]
[demo.mekshq.com/gridlove/index0cca.html]
[demo.mekshq.com/gridlove/index8a56.html]
[demo.mekshq.com/gridlove/indexd509.html]
[demo.mekshq.com/gridlove/index05bf.html]
[demo.mekshq.com/gridlove/indexee49.html]
[demo.mekshq.com/gridlove/index96f0.html]
[demo.mekshq.com/gridlove/indexc046.html]
[demo.mekshq.com/gridlove/index7e6a.html]
[demo.mekshq.com/gridlove/index5b59.html]
[demo.mekshq.com/gridlove/indexea3f.json]
[demo.mekshq.com/gridlove/index8834.html]
[demo.mekshq.com/gridlove/indexb6c5.php]
[demo.mekshq.com/gridlove/index0eed.html]
[demo.mekshq.com/gridlove/index7e21.html]
[demo.mekshq.com/gridlove/index4a32.html]
[demo.mekshq.com/gridlove/index6e9b.html]
[demo.mekshq.com/gridlove/index6614.html]
[demo.mekshq.com/gridlove/indexb7f4.json]
[demo.mekshq.com/gridlove/index4c47.html]
[demo.mekshq.com/gridlove/indexbd81.html]
[demo.mekshq.com/gridlove/index73bd.php]
[demo.mekshq.com/gridlove/index3049.html]
[demo.mekshq.com/gridlove/index1e32.html]
[demo.mekshq.com/gridlove/index7054.html]
[demo.mekshq.com/gridlove/index62c4.json]
[demo.mekshq.com/gridlove/index6d91.html]
[demo.mekshq.com/gridlove/index5364.php]
[demo.mekshq.com/gridlove/indexae02.json]
[demo.mekshq.com/gridlove/index2ed7.html]
[demo.mekshq.com/gridlove/indexa841.php]
[demo.mekshq.com/gridlove/index1dc0.json]
[demo.mekshq.com/gridlove/indexc37d.html]
[demo.mekshq.com/gridlove/indexc2a0.php]
[demo.mekshq.com/gridlove/indexd73f.json]
[demo.mekshq.com/gridlove/index8b22.php]
[demo.mekshq.com/gridlove/index74e2.html]
[demo.mekshq.com/gridlove/indexa15b.json]
[demo.mekshq.com/gridlove/index33a9.html]
[demo.mekshq.com/gridlove/indexb124.html]
[demo.mekshq.com/gridlove/indexaca5.php]
[demo.mekshq.com/gridlove/index07d9.html]
[demo.mekshq.com/gridlove/index0f12.json]
[demo.mekshq.com/gridlove/index27bd.html]
[demo.mekshq.com/gridlove/index9512.php]
[demo.mekshq.com/gridlove/index2bd1.json]
[demo.mekshq.com/gridlove/index5266.html]
[demo.mekshq.com/gridlove/index2257.php]
[demo.mekshq.com/gridlove/index7933.json]
[demo.mekshq.com/gridlove/index0353.html]
[demo.mekshq.com/gridlove/indexb774.php]
[demo.mekshq.com/gridlove/index5246.json]
[demo.mekshq.com/gridlove/index3bee.html]
[demo.mekshq.com/gridlove/index3af3.php]
[demo.mekshq.com/gridlove/index7084.json]
[demo.mekshq.com/gridlove/index2800.html]
[demo.mekshq.com/gridlove/index032e.html]
[demo.mekshq.com/gridlove/index9ce7.html]
[demo.mekshq.com/gridlove/index2416.html]
[demo.mekshq.com/gridlove/indexd900.html]
[demo.mekshq.com/gridlove/index7406.php]
[demo.mekshq.com/gridlove/indexc7e9.html]
[demo.mekshq.com/gridlove/index1fa1.html]
[demo.mekshq.com/gridlove/indexeb18.html]
[demo.mekshq.com/gridlove/index4bf0.html]
[demo.mekshq.com/gridlove/wp-admin/admin-ajax.html]
[demo.mekshq.com/gridlove/index2a70.html]
[demo.mekshq.com/gridlove/index3a75.html]
[demo.mekshq.com/gridlove/index8ced.html]
[demo.mekshq.com/gridlove/index6aae.html]
[demo.mekshq.com/gridlove/index7a1f.json]
[demo.mekshq.com/gridlove/index57e1.html]
[demo.mekshq.com/gridlove/index2b84.html]
[demo.mekshq.com/gridlove/index4227.html]
[demo.mekshq.com/gridlove/index7250.html]
[demo.mekshq.com/gridlove/index523d.php]
[demo.mekshq.com/gridlove/index3176.html]
[demo.mekshq.com/gridlove/index26d9.html]
[demo.mekshq.com/gridlove/index3468.html]
[demo.mekshq.com/gridlove/indexa191.html]
[demo.mekshq.com/gridlove/indexada3.html]
[demo.mekshq.com/gridlove/index7e7a.html]
[demo.mekshq.com/gridlove/indexdebd.json]
[demo.mekshq.com/gridlove/index455b.html]
[demo.mekshq.com/gridlove/index0186.html]
[demo.mekshq.com/gridlove/indexdb84.html]
[demo.mekshq.com/gridlove/indexaae9.html]
[demo.mekshq.com/gridlove/index1386.html]
[demo.mekshq.com/gridlove/index112f.php]
[demo.mekshq.com/gridlove/indexcd74.html]
[demo.mekshq.com/gridlove/indexe2cb.html]
[demo.mekshq.com/gridlove/index9a3d.html]
[demo.mekshq.com/gridlove/index32aa.html]
[demo.mekshq.com/gridlove/indexb5d3.html]
[demo.mekshq.com/gridlove/indexe3d0.html]
[demo.mekshq.com/gridlove/indexffec.html]
[demo.mekshq.com/gridlove/index83bd.html]
[demo.mekshq.com/gridlove/index28bd.html]
[demo.mekshq.com/gridlove/indexbac8.html]
[demo.mekshq.com/gridlove/index328a.html]
[demo.mekshq.com/gridlove/index187a.html]
[demo.mekshq.com/gridlove/indexe0b0.html]
[demo.mekshq.com/gridlove/index4cbb.html]
[demo.mekshq.com/gridlove/index7d9e.json]
[demo.mekshq.com/gridlove/index7aa0.html]
[demo.mekshq.com/gridlove/index5d7e.html]
[demo.mekshq.com/gridlove/index25da.php]
[demo.mekshq.com/gridlove/index2eae.html]
[demo.mekshq.com/gridlove/index0444.html]
[demo.mekshq.com/gridlove/index2465.html]
[demo.mekshq.com/gridlove/indexdc4d.html]
[demo.mekshq.com/gridlove/indexf271.json]
[demo.mekshq.com/gridlove/indexfd69.html]
[demo.mekshq.com/gridlove/indexa54e.html]
[demo.mekshq.com/gridlove/index8af0.html]
[demo.mekshq.com/gridlove/indexaa69.html]
[demo.mekshq.com/gridlove/indexede1.html]
[demo.mekshq.com/gridlove/indexb624.html]
[demo.mekshq.com/gridlove/index4d23.html]
[demo.mekshq.com/gridlove/index8e0e.html]
[demo.mekshq.com/gridlove/index1311.html]
[demo.mekshq.com/gridlove/index4a9b.html]
[demo.mekshq.com/gridlove/indexa9a7.html]
[demo.mekshq.com/gridlove/indexc63f.html]
[demo.mekshq.com/gridlove/index230e.html]
[demo.mekshq.com/gridlove/index6617.html]
[demo.mekshq.com/gridlove/indexa93b.html]
[demo.mekshq.com/gridlove/index9a2a.html]
[demo.mekshq.com/gridlove/indexd591.html]
[demo.mekshq.com/gridlove/indexf7fe.php]
[demo.mekshq.com/gridlove/index34b6.json]
[demo.mekshq.com/gridlove/index7fdc.html]
[demo.mekshq.com/gridlove/indexc39e.html]
[demo.mekshq.com/gridlove/index5967.php]
[demo.mekshq.com/gridlove/index4821.html]
[demo.mekshq.com/gridlove/index46d4.html]
[demo.mekshq.com/gridlove/index4978.html]
[demo.mekshq.com/gridlove/indexf42b.html]
[demo.mekshq.com/gridlove/indexb507.html]
[demo.mekshq.com/gridlove/indexd8e3.html]
[demo.mekshq.com/gridlove/index7179.html]
[demo.mekshq.com/gridlove/index82a2.html]
[demo.mekshq.com/gridlove/index5abc.html]
[demo.mekshq.com/gridlove/index3f3f.html]
[demo.mekshq.com/gridlove/indexcc85.html]
[demo.mekshq.com/gridlove/index9e49.html]
[demo.mekshq.com/gridlove/indexaabd.html]
[demo.mekshq.com/gridlove/indexa507.html]
[demo.mekshq.com/gridlove/index20de.html]
[demo.mekshq.com/gridlove/index8bc7.html]
[demo.mekshq.com/gridlove/index8e6f.html]
[demo.mekshq.com/gridlove/indexad26.html]
[demo.mekshq.com/gridlove/index4287.html]
[demo.mekshq.com/gridlove/indexf220.html]
[demo.mekshq.com/gridlove/index2d3d.html]
[demo.mekshq.com/gridlove/indexe24a.html]
[demo.mekshq.com/gridlove/index3095.html]
[demo.mekshq.com/gridlove/index6806.html]
[demo.mekshq.com/gridlove/index4fea.html]
[demo.mekshq.com/gridlove/indexa3c9.html]
[demo.mekshq.com/gridlove/index8617.json]
[demo.mekshq.com/gridlove/index82b8.html]
[demo.mekshq.com/gridlove/indexed0f.html]
[demo.mekshq.com/gridlove/index6bbf.html]
[demo.mekshq.com/gridlove/indexd8ff.html]
[demo.mekshq.com/gridlove/index7d12.html]
[demo.mekshq.com/gridlove/indexf36e.html]
[demo.mekshq.com/gridlove/indexf4c6.html]
[demo.mekshq.com/gridlove/indexacaf.html]
[demo.mekshq.com/gridlove/index1557.html]
[demo.mekshq.com/gridlove/index6fc7.html]
[demo.mekshq.com/gridlove/index5412.html]
[demo.mekshq.com/gridlove/index3a5b.html]
[demo.mekshq.com/gridlove/indexae88.html]
[demo.mekshq.com/gridlove/index3771.php]
[demo.mekshq.com/gridlove/indexceea.html]
[demo.mekshq.com/gridlove/index8f71.html]
[demo.mekshq.com/gridlove/index76b5.json]
[demo.mekshq.com/gridlove/indexd166.html]
[demo.mekshq.com/gridlove/indexb840.php]
[demo.mekshq.com/gridlove/index3d03.html]
[demo.mekshq.com/gridlove/index8140.html]
[demo.mekshq.com/gridlove/index93ec.html]
[demo.mekshq.com/gridlove/index5ef6.html]
[demo.mekshq.com/gridlove/index07d1.html]
[demo.mekshq.com/gridlove/indexc42c.html]
[demo.mekshq.com/gridlove/index1eae.html]
[demo.mekshq.com/gridlove/index8c9f.json]
[demo.mekshq.com/gridlove/indexd74c.html]
[demo.mekshq.com/gridlove/index0794.html]
[demo.mekshq.com/gridlove/index9fc7.html]
[demo.mekshq.com/gridlove/index9dfc.php]
[demo.mekshq.com/gridlove/indexd346.html]
[demo.mekshq.com/gridlove/index792e.html]
[demo.mekshq.com/gridlove/index3b5c.html]
[demo.mekshq.com/gridlove/index92a5.html]
[demo.mekshq.com/gridlove/index7fa6.html]
[demo.mekshq.com/gridlove/index7fd8.html]
[demo.mekshq.com/gridlove/indexd312.html]
[demo.mekshq.com/gridlove/indexd1ee.html]
[demo.mekshq.com/gridlove/index193f.html]
[demo.mekshq.com/gridlove/indexf6b1.html]
[demo.mekshq.com/gridlove/indexe7fb.html]
[demo.mekshq.com/gridlove/index18c1.html]
[demo.mekshq.com/gridlove/indexf07b.html]
[demo.mekshq.com/gridlove/indexa275.html]
[demo.mekshq.com/gridlove/index1950.html]
[demo.mekshq.com/gridlove/index9caf.html]
[demo.mekshq.com/gridlove/index3620.html]
[demo.mekshq.com/gridlove/indexa6bf.html]
[demo.mekshq.com/gridlove/indexf019.json]
[demo.mekshq.com/gridlove/index53d2.html]
[demo.mekshq.com/gridlove/index70f8.html]
[demo.mekshq.com/gridlove/index499f.html]
[demo.mekshq.com/gridlove/index0290.html]
[demo.mekshq.com/gridlove/index0f91.php]
[demo.mekshq.com/gridlove/indexf1ce.html]
[demo.mekshq.com/gridlove/index07d2.html]
[demo.mekshq.com/gridlove/index2e6a.html]
[demo.mekshq.com/gridlove/indexed3d.html]
[demo.mekshq.com/gridlove/indexe9c9.html]
[demo.mekshq.com/gridlove/index153d.html]
[demo.mekshq.com/gridlove/index0b99.json]
[demo.mekshq.com/gridlove/indexf776.html]
[demo.mekshq.com/gridlove/index9c94.php]
[demo.mekshq.com/gridlove/index7f02.html]
[demo.mekshq.com/gridlove/index4d8e.html]
[demo.mekshq.com/gridlove/index61a9.html]
[demo.mekshq.com/gridlove/index04ef.html]
[demo.mekshq.com/gridlove/index3c06.html]
[demo.mekshq.com/gridlove/index3f4f.json]
[demo.mekshq.com/gridlove/index6ce8.html]
[demo.mekshq.com/gridlove/index5068.html]
[demo.mekshq.com/gridlove/indexac05.html]
[demo.mekshq.com/gridlove/index6d17.php]
[demo.mekshq.com/gridlove/index1330.json]
[demo.mekshq.com/gridlove/indexc535.html]
[demo.mekshq.com/gridlove/indexf9ed.php]
[demo.mekshq.com/gridlove/indexc85f.html]
[demo.mekshq.com/gridlove/indexcdae.json]
[demo.mekshq.com/gridlove/index05a8.html]
[demo.mekshq.com/gridlove/indexd076.html]
[demo.mekshq.com/gridlove/index9d3a.php]
[demo.mekshq.com/gridlove/index6406.html]
[demo.mekshq.com/gridlove/index256e.html]
[demo.mekshq.com/gridlove/indexcc65.html]
[demo.mekshq.com/gridlove/index6552.html]
[demo.mekshq.com/gridlove/index5142.html]
[demo.mekshq.com/gridlove/index8912.html]
[demo.mekshq.com/gridlove/index18e0.html]
[demo.mekshq.com/gridlove/index0ced.html]
[demo.mekshq.com/gridlove/index73ac.json]
[demo.mekshq.com/gridlove/index6c91.html]
[demo.mekshq.com/gridlove/index7c00.php]
[demo.mekshq.com/gridlove/index5638.html]
[demo.mekshq.com/gridlove/indexc591.json]
[demo.mekshq.com/gridlove/indexe8b1.html]
[demo.mekshq.com/gridlove/index7913.html]
[demo.mekshq.com/gridlove/index1124.php]
[demo.mekshq.com/gridlove/index241a.html]
[demo.mekshq.com/gridlove/index456d.json]
[demo.mekshq.com/gridlove/indexf0b0.html]
[demo.mekshq.com/gridlove/indexc764.php]
[demo.mekshq.com/gridlove/indexa42a.html]
[demo.mekshq.com/gridlove/index2099.html]
[demo.mekshq.com/gridlove/indexc959.html]
[demo.mekshq.com/gridlove/index6123-2.json]
[demo.mekshq.com/gridlove/index723e.html]
[demo.mekshq.com/gridlove/index7ca6.html]
[demo.mekshq.com/gridlove/indexb203.html]
[demo.mekshq.com/gridlove/index5185.php]
[demo.mekshq.com/gridlove/indexf334.html]
[demo.mekshq.com/gridlove/index6c4e.html]
[demo.mekshq.com/gridlove/index4688.html]
[demo.mekshq.com/gridlove/indexfded.html]
[demo.mekshq.com/gridlove/indexb249.html]
[demo.mekshq.com/gridlove/index5155.html]
[demo.mekshq.com/gridlove/index5590.html]
[demo.mekshq.com/gridlove/indexe6d0.html]
[demo.mekshq.com/gridlove/indexb4c3.html]
[demo.mekshq.com/gridlove/index9d74.html]
[demo.mekshq.com/gridlove/indexd72b.html]
[demo.mekshq.com/gridlove/index7da4.html]
[demo.mekshq.com/gridlove/indexca00.html]
[demo.mekshq.com/gridlove/index28bc.html]
[demo.mekshq.com/gridlove/indexdf20.html]
[demo.mekshq.com/gridlove/index8bf7.html]
[demo.mekshq.com/gridlove/index6515.html]
[demo.mekshq.com/gridlove/index2e09.html]
[demo.mekshq.com/gridlove/index0a58.html]
[demo.mekshq.com/gridlove/indexade0.html]
[demo.mekshq.com/gridlove/index64cc.html]
[demo.mekshq.com/gridlove/index86bc.html]
[demo.mekshq.com/gridlove/index21f0.html]
[demo.mekshq.com/gridlove/index3ffb.html]
[demo.mekshq.com/gridlove/index4bb3.html]
[demo.mekshq.com/gridlove/indexd921.html]
[demo.mekshq.com/gridlove/index1122.html]
[demo.mekshq.com/gridlove/indexd02f.html]
[demo.mekshq.com/gridlove/index4658.html]
[demo.mekshq.com/gridlove/index6f85.html]
[demo.mekshq.com/gridlove/index8a68.html]
[demo.mekshq.com/gridlove/index0d46.html]
[demo.mekshq.com/gridlove/index2325.html]
[demo.mekshq.com/gridlove/index00e8.html]
[demo.mekshq.com/gridlove/index3a22.html]
[demo.mekshq.com/gridlove/index9d7c.html]
[demo.mekshq.com/gridlove/index4e4f.html]
[demo.mekshq.com/gridlove/index9ba9.html]
[demo.mekshq.com/gridlove/index28b5.html]
[demo.mekshq.com/gridlove/index7e6a.html]
[demo.mekshq.com/gridlove/index6614.html]
[demo.mekshq.com/gridlove/index7b24.html]
[demo.mekshq.com/gridlove/index5b59.html]
[demo.mekshq.com/gridlove/indexe377.html]
[demo.mekshq.com/gridlove/indexcb14.html]
[demo.mekshq.com/gridlove/index61c8.html]
[demo.mekshq.com/gridlove/index4837.html]
[demo.mekshq.com/gridlove/index7e21.html]
[demo.mekshq.com/gridlove/index074a.html]
[demo.mekshq.com/gridlove/index0251.html]
[demo.mekshq.com/gridlove/indexa5d4.json]
[demo.mekshq.com/gridlove/index56b0.html]
[demo.mekshq.com/gridlove/index4a32.html]
[demo.mekshq.com/gridlove/indexacc0.php]
[demo.mekshq.com/gridlove/indexeb68.json]
[demo.mekshq.com/gridlove/index9a61.php]
[demo.mekshq.com/gridlove/index6e9b.html]
[demo.mekshq.com/gridlove/indexbd81.html]
[demo.mekshq.com/gridlove/indexda43.html]
[demo.mekshq.com/gridlove/index1e7e.html]
[demo.mekshq.com/gridlove/index1e32.html]
[demo.mekshq.com/gridlove/index7054.html]
[demo.mekshq.com/gridlove/indexc887.html]
[demo.mekshq.com/gridlove/indexc7e3.html]
[demo.mekshq.com/gridlove/index579c.html]
[demo.mekshq.com/gridlove/index0345.html]
[demo.mekshq.com/gridlove/index63fc.html]
[demo.mekshq.com/gridlove/index9eb4.html]
[demo.mekshq.com/gridlove/index6fe7.html]
[demo.mekshq.com/gridlove/index5831.html]
[demo.mekshq.com/gridlove/index2466.html]
[demo.mekshq.com/gridlove/indexa1ca.html]
[demo.mekshq.com/gridlove/index5010.html]
[demo.mekshq.com/gridlove/index383b.html]
[demo.mekshq.com/gridlove/index0721.html]
[demo.mekshq.com/gridlove/indexe81a.html]
[demo.mekshq.com/gridlove/index6e03.html]
[demo.mekshq.com/gridlove/index2dc8.html]
[demo.mekshq.com/gridlove/indexe8fb.html]
[demo.mekshq.com/gridlove/index7b2b.html]
[demo.mekshq.com/gridlove/index1975.html]
[demo.mekshq.com/gridlove/index5fb3.html]
[demo.mekshq.com/gridlove/index578d.html]
[demo.mekshq.com/gridlove/index6aed.html]
[demo.mekshq.com/gridlove/indexf0e0.html]
[demo.mekshq.com/gridlove/index1fbc.html]
[demo.mekshq.com/gridlove/indexcb30.html]
[demo.mekshq.com/gridlove/indexa0d9.html]
[demo.mekshq.com/gridlove/index51c8.html]
[demo.mekshq.com/gridlove/index3ba0.html]
[demo.mekshq.com/gridlove/indexe2cb.html]
[demo.mekshq.com/gridlove/indexd667.html]
[demo.mekshq.com/gridlove/indexbf34.html]
[demo.mekshq.com/gridlove/indexb5d3.html]
[demo.mekshq.com/gridlove/indexa54e.html]
[demo.mekshq.com/gridlove/indexfd69.html]
[demo.mekshq.com/gridlove/index06ed.html]
[demo.mekshq.com/gridlove/index03b7.html]
[demo.mekshq.com/gridlove/index46d4.html]
[demo.mekshq.com/gridlove/index0d89.html]
[demo.mekshq.com/gridlove/indexf42b.html]
[demo.mekshq.com/gridlove/index8336.html]
[demo.mekshq.com/gridlove/indexd8e3.html]
[demo.mekshq.com/gridlove/indexc970.html]
[demo.mekshq.com/gridlove/index82a2.html]
[demo.mekshq.com/gridlove/index3f3f.html]
[demo.mekshq.com/gridlove/index9e49.html]
[demo.mekshq.com/gridlove/indexa507.html]
[demo.mekshq.com/gridlove/index8bc7.html]
[demo.mekshq.com/gridlove/index8e6f.html]
[demo.mekshq.com/gridlove/index4287.html]
[demo.mekshq.com/gridlove/index4fea.html]
[demo.mekshq.com/gridlove/index6488.html]
[demo.mekshq.com/gridlove/indexe24a.html]
[demo.mekshq.com/gridlove/index05b5.html]
[demo.mekshq.com/gridlove/indexa3c9.html]
[demo.mekshq.com/gridlove/index96db.html]
[demo.mekshq.com/gridlove/index6347.html]
[demo.mekshq.com/gridlove/indexf456.html]
[demo.mekshq.com/gridlove/index83ad.json]
[demo.mekshq.com/gridlove/index8f71.html]
[demo.mekshq.com/gridlove/indexa45c.php]
[demo.mekshq.com/gridlove/indexceea.html]
[demo.mekshq.com/gridlove/index4dd1.html]
[demo.mekshq.com/gridlove/index1142.html]
[demo.mekshq.com/gridlove/index6f72.html]
[demo.mekshq.com/gridlove/index8b99.html]
[demo.mekshq.com/gridlove/index45d1.html]
[demo.mekshq.com/gridlove/index9834.json]
[demo.mekshq.com/gridlove/index8140.html]
[demo.mekshq.com/gridlove/index3d03.html]
[demo.mekshq.com/gridlove/index3072.php]
[demo.mekshq.com/gridlove/index0bc1.json]
[demo.mekshq.com/gridlove/index93ec.html]
[demo.mekshq.com/gridlove/index07d1.html]
[demo.mekshq.com/gridlove/indexc35f.php]
[demo.mekshq.com/gridlove/indexf565.json]
[demo.mekshq.com/gridlove/index5ef6.html]
[demo.mekshq.com/gridlove/indexc42c.html]
[demo.mekshq.com/gridlove/index03c7.php]
[demo.mekshq.com/gridlove/indexcd1f.json]
[demo.mekshq.com/gridlove/index1eae.html]
[demo.mekshq.com/gridlove/indexd74c.html]
[demo.mekshq.com/gridlove/indexf3ea.html]
[demo.mekshq.com/gridlove/index5401.html]
[demo.mekshq.com/gridlove/index92a5.html]
[demo.mekshq.com/gridlove/index7fd8.html]
[demo.mekshq.com/gridlove/index9986.php]
[demo.mekshq.com/gridlove/indexc4a4.html]
[demo.mekshq.com/gridlove/indexd1ee.html]
[demo.mekshq.com/gridlove/indexf6b1.html]
[demo.mekshq.com/gridlove/index18c1.html]
[demo.mekshq.com/gridlove/index820f.php]
[demo.mekshq.com/gridlove/index7b65.json]
[demo.mekshq.com/gridlove/indexb1ce.json]
[demo.mekshq.com/gridlove/indexf07b.html]
[demo.mekshq.com/gridlove/index1950.html]
[demo.mekshq.com/gridlove/index3050.php]
[demo.mekshq.com/gridlove/index53d2.html]
[demo.mekshq.com/gridlove/index70f8.html]
[demo.mekshq.com/gridlove/index499f.html]
[demo.mekshq.com/gridlove/indexed3d.html]
[demo.mekshq.com/gridlove/index7b68.html]
[demo.mekshq.com/gridlove/indexf744.php]
[demo.mekshq.com/gridlove/index5024.html]
[demo.mekshq.com/gridlove/indexe9c9.html]
[demo.mekshq.com/gridlove/index153d.html]
[demo.mekshq.com/gridlove/index66dd.json]
[demo.mekshq.com/gridlove/indexf776.html]
[demo.mekshq.com/gridlove/index4e17.html]
[demo.mekshq.com/gridlove/index4d8e.html]
[demo.mekshq.com/gridlove/index02ac.html]
[demo.mekshq.com/gridlove/index6f31.html]
[demo.mekshq.com/gridlove/index61a9.html]
[demo.mekshq.com/gridlove/indexc2e0.html]
[demo.mekshq.com/gridlove/index4407.json]
[demo.mekshq.com/gridlove/index0b7f.html]
[demo.mekshq.com/gridlove/indexe46a.php]
[demo.mekshq.com/gridlove/index04ef.html]
[demo.mekshq.com/gridlove/indexb517.json]
[demo.mekshq.com/gridlove/index3c06.html]
[demo.mekshq.com/gridlove/indexec36.php]
[demo.mekshq.com/gridlove/index664e.json]
[demo.mekshq.com/gridlove/index5068.html]
[demo.mekshq.com/gridlove/index7ba4.php]
[demo.mekshq.com/gridlove/indexa556.json]
[demo.mekshq.com/gridlove/index6ce8.html]
[demo.mekshq.com/gridlove/index0f15.html]
[demo.mekshq.com/gridlove/index0acd.html]
[demo.mekshq.com/gridlove/indexbdd2.html]
[demo.mekshq.com/gridlove/indexc535.html]
[demo.mekshq.com/gridlove/indexc49f.php]
[demo.mekshq.com/gridlove/indexa316.json]
[demo.mekshq.com/gridlove/index04b3.html]
[demo.mekshq.com/gridlove/index7696.html]
[demo.mekshq.com/gridlove/index5e1a.php]
[demo.mekshq.com/gridlove/indexd076.html]
[demo.mekshq.com/gridlove/indexdfef.json]
[demo.mekshq.com/gridlove/indexcc65.html]
[demo.mekshq.com/gridlove/indexb08c.php]
[demo.mekshq.com/gridlove/index2992.json]
[demo.mekshq.com/gridlove/indexbb88.php]
[demo.mekshq.com/gridlove/index05a8.html]
[demo.mekshq.com/gridlove/indexdf19.html]
[demo.mekshq.com/gridlove/index2bcd.html]
[demo.mekshq.com/gridlove/index6552.html]
[demo.mekshq.com/gridlove/index8912.html]
[demo.mekshq.com/gridlove/index5142.html]
[demo.mekshq.com/gridlove/index18e0.html]
[demo.mekshq.com/gridlove/indexd367.html]
[demo.mekshq.com/gridlove/index0ced.html]
[demo.mekshq.com/gridlove/index83e5.html]
[demo.mekshq.com/gridlove/indexcb96.json]
[demo.mekshq.com/gridlove/index1fad.html]
[demo.mekshq.com/gridlove/index9798.html]
[demo.mekshq.com/gridlove/indexd255.php]
[demo.mekshq.com/gridlove/indexe8b1.html]
[demo.mekshq.com/gridlove/indexa94b.json]
[demo.mekshq.com/gridlove/index7913.html]
[demo.mekshq.com/gridlove/indexc8e6.php]
[demo.mekshq.com/gridlove/index7652.json]
[demo.mekshq.com/gridlove/index5638.html]
[demo.mekshq.com/gridlove/indexa155.html]
[demo.mekshq.com/gridlove/indexf425.html]
[demo.mekshq.com/gridlove/index2d9e.html]
[demo.mekshq.com/gridlove/indexa42a.html]
[demo.mekshq.com/gridlove/indexe238.php]
[demo.mekshq.com/gridlove/index210e.json]
[demo.mekshq.com/gridlove/index129a.php]
[demo.mekshq.com/gridlove/indexc959.html]
[demo.mekshq.com/gridlove/indexc8e8.html]
[demo.mekshq.com/gridlove/index2f67.json]
[demo.mekshq.com/gridlove/indexb5d6.html]
[demo.mekshq.com/gridlove/index6e92.php]
[demo.mekshq.com/gridlove/index2099.html]
[demo.mekshq.com/gridlove/indexb8f9.json]
[demo.mekshq.com/gridlove/index723e.html]
[demo.mekshq.com/gridlove/index26bb.html]
[demo.mekshq.com/gridlove/indexb1f0.html]
[demo.mekshq.com/gridlove/indexca00.html]
[demo.mekshq.com/gridlove/indexf334.html]
[demo.mekshq.com/gridlove/index6c4e.html]
[demo.mekshq.com/gridlove/index9d74.html]
[demo.mekshq.com/gridlove/index9d7c.html]
[demo.mekshq.com/gridlove/index9ba9.html]
[demo.mekshq.com/gridlove/indexf712.php]
[demo.mekshq.com/gridlove/indexe377.html]
[demo.mekshq.com/gridlove/indexcab2.html]
[demo.mekshq.com/gridlove/indexcb14.html]
[demo.mekshq.com/gridlove/index074a.html]
[demo.mekshq.com/gridlove/index0251.html]
[demo.mekshq.com/gridlove/indexfdb0.html]
[demo.mekshq.com/gridlove/indexa640.html]
[demo.mekshq.com/gridlove/index56b0.html]
[demo.mekshq.com/gridlove/indexc926.html]
[demo.mekshq.com/gridlove/index04cd.html]
[demo.mekshq.com/gridlove/index6494.html]
[demo.mekshq.com/gridlove/index4d8b.html]
[demo.mekshq.com/gridlove/index8cae.html]
[demo.mekshq.com/gridlove/index383b.html]
[demo.mekshq.com/gridlove/index9eb4.html]
[demo.mekshq.com/gridlove/index6e03.html]
[demo.mekshq.com/gridlove/index6fe7.html]
[demo.mekshq.com/gridlove/index7b2b.html]
[demo.mekshq.com/gridlove/index1975.html]
[demo.mekshq.com/gridlove/index1fbc.html]
[demo.mekshq.com/gridlove/index51c8.html]
[demo.mekshq.com/gridlove/indexd667.html]
[demo.mekshq.com/gridlove/indexbf34.html]
[demo.mekshq.com/gridlove/index06ed.html]
[demo.mekshq.com/gridlove/index8336.html]
[demo.mekshq.com/gridlove/index3e55.html]
[demo.mekshq.com/gridlove/index0d89.html]
[demo.mekshq.com/gridlove/index1e4f.html]
[demo.mekshq.com/gridlove/indexf456.html]
[demo.mekshq.com/gridlove/indexae7e.html]
[demo.mekshq.com/gridlove/index6347.html]
[demo.mekshq.com/gridlove/index1a4a.html]
[demo.mekshq.com/gridlove/index4dd1.html]
[demo.mekshq.com/gridlove/indexb897.html]
[demo.mekshq.com/gridlove/index5023.html]
[demo.mekshq.com/gridlove/index0350.html]
[demo.mekshq.com/gridlove/indexdaf9.html]
[demo.mekshq.com/gridlove/indexb596.html]
[demo.mekshq.com/gridlove/index7609.html]
[demo.mekshq.com/gridlove/index2dbc.html]
[demo.mekshq.com/gridlove/indexb4cd.html]
[demo.mekshq.com/gridlove/index06b2.html]
[demo.mekshq.com/gridlove/indexd3dc.html]
[demo.mekshq.com/gridlove/indexf693.json]
[demo.mekshq.com/gridlove/index45d1.html]
[demo.mekshq.com/gridlove/index1634.php]
[demo.mekshq.com/gridlove/index8b99.html]
[demo.mekshq.com/gridlove/index8771.html]
[demo.mekshq.com/gridlove/index36d4.html]
[demo.mekshq.com/gridlove/index3bdc.html]
[demo.mekshq.com/gridlove/index55e4.html]
[demo.mekshq.com/gridlove/indexeddf.html]
[demo.mekshq.com/gridlove/index5d38.html]
[demo.mekshq.com/gridlove/indexeb8b.html]
[demo.mekshq.com/gridlove/indexc219.html]
[demo.mekshq.com/gridlove/indexeffd.html]
[demo.mekshq.com/gridlove/indexc4a4.html]
[demo.mekshq.com/gridlove/indexc6df.html]
[demo.mekshq.com/gridlove/index755f.html]
[demo.mekshq.com/gridlove/index3f3a.html]
[demo.mekshq.com/gridlove/index68e9.html]
[demo.mekshq.com/gridlove/index0a0d.html]
[demo.mekshq.com/gridlove/index96f1.html]
[demo.mekshq.com/gridlove/index22d5.html]
[demo.mekshq.com/gridlove/index8efb.html]
[demo.mekshq.com/gridlove/index6ffe.html]
[demo.mekshq.com/gridlove/index4e17.html]
[demo.mekshq.com/gridlove/index6f31.html]
[demo.mekshq.com/gridlove/indexc2e0.html]
[demo.mekshq.com/gridlove/index0b7f.html]
[demo.mekshq.com/gridlove/index80aa.html]
[demo.mekshq.com/gridlove/indexe91f.html]
[demo.mekshq.com/gridlove/index1e3e.html]
[demo.mekshq.com/gridlove/indexd4f5.html]
[demo.mekshq.com/gridlove/index9623.html]
[demo.mekshq.com/gridlove/index424e.html]
[demo.mekshq.com/gridlove/index13a9.html]
[demo.mekshq.com/gridlove/indexdd57.html]
[demo.mekshq.com/gridlove/index7aeb.html]
[demo.mekshq.com/gridlove/index6012.html]
[demo.mekshq.com/gridlove/indexcdc2.html]
[demo.mekshq.com/gridlove/index84df.html]
[demo.mekshq.com/gridlove/index7696.html]
[demo.mekshq.com/gridlove/index04b3.html]
[demo.mekshq.com/gridlove/index7939.html]
[demo.mekshq.com/gridlove/index395f.html]
[demo.mekshq.com/gridlove/indexb702.html]
[demo.mekshq.com/gridlove/index5289.html]
[demo.mekshq.com/gridlove/index66b4.html]
[demo.mekshq.com/gridlove/index93f8.html]
[demo.mekshq.com/gridlove/index0864.html]
[demo.mekshq.com/gridlove/index3488.html]
[demo.mekshq.com/gridlove/index7bb4.html]
[demo.mekshq.com/gridlove/index9798.html]
[demo.mekshq.com/gridlove/index83e5.html]
[demo.mekshq.com/gridlove/index1fad.html]
[demo.mekshq.com/gridlove/index928f.html]
[demo.mekshq.com/gridlove/index6595.html]
[demo.mekshq.com/gridlove/indexc74d.html]
[demo.mekshq.com/gridlove/index879d.html]
[demo.mekshq.com/gridlove/index1218.html]
[demo.mekshq.com/gridlove/index44fb.html]
[demo.mekshq.com/gridlove/index0001.html]
[demo.mekshq.com/gridlove/index2cb9.html]
[demo.mekshq.com/gridlove/index8338.html]
[demo.mekshq.com/gridlove/index2f7a.html]
[demo.mekshq.com/gridlove/indexb5d6.html]
[demo.mekshq.com/gridlove/indexc8e8.html]
[demo.mekshq.com/gridlove/index257b.html]
[demo.mekshq.com/gridlove/indexbc2b.html]
[demo.mekshq.com/gridlove/index5128.html]
[demo.mekshq.com/gridlove/index15bc.html]
[demo.mekshq.com/gridlove/index568a.html]
[demo.mekshq.com/gridlove/index164f.html]
[demo.mekshq.com/gridlove/index0b89.html]
[demo.mekshq.com/gridlove/index3e9a.html]
[demo.mekshq.com/gridlove/index4d8b.html]
[demo.mekshq.com/gridlove/indexa640.html]
[demo.mekshq.com/gridlove/indexcab2.html]
[demo.mekshq.com/gridlove/indexfdb0.html]
[demo.mekshq.com/gridlove/index1e4f.html]
[demo.mekshq.com/gridlove/index64c0.html]
[demo.mekshq.com/gridlove/index3e55.html]
[demo.mekshq.com/gridlove/indexae7e.html]
[demo.mekshq.com/gridlove/index1a4a.html]
[demo.mekshq.com/gridlove/index68dc.html]
[demo.mekshq.com/gridlove/index837b.html]
[demo.mekshq.com/gridlove/indexb897.html]
[demo.mekshq.com/gridlove/indexdaf9.html]
[demo.mekshq.com/gridlove/indexb13c.html]
[demo.mekshq.com/gridlove/index06b2.html]
[demo.mekshq.com/gridlove/index8f5d.html]
[demo.mekshq.com/gridlove/indexd3dc.html]
[demo.mekshq.com/gridlove/indexde80.html]
[demo.mekshq.com/gridlove/index1a56.html]
[demo.mekshq.com/gridlove/index17b6.html]
[demo.mekshq.com/gridlove/index38c2.html]
[demo.mekshq.com/gridlove/indexa712.html]
[demo.mekshq.com/gridlove/indexd8e5.html]
[demo.mekshq.com/gridlove/indexd51d.html]
[demo.mekshq.com/gridlove/indexc219.html]
[demo.mekshq.com/gridlove/index8efb.html]
[demo.mekshq.com/gridlove/index755f.html]
[demo.mekshq.com/gridlove/index0a0d.html]
[demo.mekshq.com/gridlove/indexe91f.html]
[demo.mekshq.com/gridlove/index1e3e.html]
[demo.mekshq.com/gridlove/indexdd57.html]
[demo.mekshq.com/gridlove/indexcdc2.html]
[demo.mekshq.com/gridlove/index66b4.html]
[demo.mekshq.com/gridlove/index395f.html]
[demo.mekshq.com/gridlove/index3488.html]
[demo.mekshq.com/gridlove/index6595.html]
[demo.mekshq.com/gridlove/index1218.html]
[demo.mekshq.com/gridlove/index0b89.html]
[demo.mekshq.com/gridlove/index2cb9.html]
[demo.mekshq.com/gridlove/index15bc.html]
[demo.mekshq.com/gridlove/index8338.html]
[demo.mekshq.com/gridlove/index68dc.html]
[demo.mekshq.com/gridlove/index64c0.html]
[demo.mekshq.com/gridlove/index837b.html]
[demo.mekshq.com/gridlove/index8f5d.html]
[demo.mekshq.com/gridlove/indexb13c.html]
[demo.mekshq.com/gridlove/index3890.html]
[demo.mekshq.com/gridlove/indexde80.html]
[demo.mekshq.com/gridlove/index7d19.html]
[demo.mekshq.com/gridlove/index7d19.html]
[demo.mekshq.com/gridlove/index3890.html]
[demo.mekshq.com/gridlove/indexa600.html]
[demo.mekshq.com/gridlove/indexc3e3.html]
[demo.mekshq.com/gridlove/indexbf53.html]
[demo.mekshq.com/gridlove/indexbf53.html]
[demo.mekshq.com/gridlove/indexa600.html]
[demo.mekshq.com/gridlove/indexc3e3.html]
[demo.mekshq.com/gridlove/indexb96e.html]
[demo.mekshq.com/gridlove/indexb96e.html]
[demo.mekshq.com/gridlove/index88a6.html]
[demo.mekshq.com/gridlove/indexfb95.html]
[demo.mekshq.com/gridlove/indexfb95.html]
[demo.mekshq.com/gridlove/index88a6.html]
[demo.mekshq.com/gridlove/index206b.html]
[demo.mekshq.com/gridlove/index206b.html]
[demo.mekshq.com/gridlove/index7452.html]
[demo.mekshq.com/gridlove/index7452.html]
[demo.mekshq.com/gridlove/index5a0e.html]
[demo.mekshq.com/gridlove/index5a0e.html]
[demo.mekshq.com/gridlove/index01a0.html]
[demo.mekshq.com/gridlove/index01a0.html]
[demo.mekshq.com/gridlove/index2af8.html]
[demo.mekshq.com/gridlove/index2af8.html]
